################################################################################
#
# This file has been generated by SpyGlass:
#     Report Created by: sveri
#     Report Created on: Mon Sep  7 05:35:45 2026
#     Working Directory: /home/sveri/samvlsi/railway_track/06_Synopsys/SpyGlass
#     Report Location  : ./railway_lint/railway_top/lint/lint_rtl/spyglass_reports/SpyGlass/elab_summary.rpt
#     SpyGlass Version : SpyGlass_vU-2023.03-SP2
#     Policy Name      : SpyGlass(SpyGlass_vU-2023.03-SP2)
#     Comment          : This report contains RTL and Elaborated names along with parameter values
#
################################################################################

================================================================================
Elaborated Name: 'train_request_manager'
    (RTL Design Unit name: 'train_request_manager', ../../04_RTL_Design/src/train_request_manager.v:6)
     Parameters (Total: 0)
     Instances (Total: 1): railway_top.U1 

================================================================================

Elaborated Name: 'fifo_request_buffer'
    (RTL Design Unit name: 'fifo_request_buffer', ../../04_RTL_Design/src/fifo_request_buffer.v:7)
     Parameters (Total: 0)
     Instances (Total: 1): railway_top.U_FIFO 

================================================================================

Elaborated Name: 'intelligent_scheduler'
    (RTL Design Unit name: 'intelligent_scheduler', ../../04_RTL_Design/src/intelligent_scheduler.v:5)
     Parameters (Total: 2)
         IDLE = 0 (default: 2'd0)
         READ = 1 (default: 2'd1)
     Instances (Total: 1): railway_top.U3 

================================================================================

Elaborated Name: 'decision_engine'
    (RTL Design Unit name: 'decision_engine', ../../04_RTL_Design/src/decision_engine.v:5)
     Parameters (Total: 4)
         IDLE       = 0 (default: 3'd0)
         DECODE     = 1 (default: 3'd1)
         ALLOCATE   = 2 (default: 3'd2)
         SEND_ROUTE = 3 (default: 3'd3)
     Instances (Total: 1): railway_top.U4 

================================================================================

Elaborated Name: 'safety_integrity_checker'
    (RTL Design Unit name: 'safety_integrity_checker', ../../04_RTL_Design/src/safety_integrity_checker.v:5)
     Parameters (Total: 0)
     Instances (Total: 1): railway_top.U5 

================================================================================

Elaborated Name: 'signal_manager'
    (RTL Design Unit name: 'signal_manager', ../../04_RTL_Design/src/signal_manager.v:5)
     Parameters (Total: 0)
     Instances (Total: 1): railway_top.U6 

================================================================================

Elaborated Name: 'point_switch_controller'
    (RTL Design Unit name: 'point_switch_controller', ../../04_RTL_Design/src/point_switch_controller.v:5)
     Parameters (Total: 0)
     Instances (Total: 1): railway_top.U7 

================================================================================

Elaborated Name: 'route_lock_manager'
    (RTL Design Unit name: 'route_lock_manager', ../../04_RTL_Design/src/route_lock_manager.v:5)
     Parameters (Total: 0)
     Instances (Total: 1): railway_top.U8 

================================================================================

Elaborated Name: 'train_movement_controller'
    (RTL Design Unit name: 'train_movement_controller', ../../04_RTL_Design/src/train_movement_controller.v:5)
     Parameters (Total: 0)
     Instances (Total: 1): railway_top.U9 

================================================================================

Elaborated Name: 'monitoring_diagnostic'
    (RTL Design Unit name: 'monitoring_diagnostic', ../../04_RTL_Design/src/monitoring_diagnostic.v:5)
     Parameters (Total: 0)
     Instances (Total: 1): railway_top.U10 

================================================================================

Elaborated Name: 'route_conflict_detector'
    (RTL Design Unit name: 'route_conflict_detector', ../../04_RTL_Design/src/route_conflict_detector.v:4)
     Parameters (Total: 0)
     Instances (Total: 1): railway_top.U11 

================================================================================

Elaborated Name: 'deadlock_prevention'
    (RTL Design Unit name: 'deadlock_prevention', ../../04_RTL_Design/src/deadlock_prevention.v:6)
     Parameters (Total: 0)
     Instances (Total: 1): railway_top.U12 

================================================================================

Elaborated Name: 'railway_top'
    (RTL Design Unit name: 'railway_top', ../../04_RTL_Design/src/railway_top.v:5)
     Parameters (Total: 0)
================================================================================
