
################################################################################
#
# This file has been generated by SpyGlass:
#     Report Name      : spyglass_violations
#     Report Created by: sveri
#     Report Created on:  Mon Sep  7 05:35:45 2026
#     Working Directory: /home/sveri/samvlsi/railway_track/06_Synopsys/SpyGlass
#     SpyGlass Version : SpyGlass_vU-2023.03-SP2
#     Policy Name      : SpyGlass(SpyGlass_vU-2023.03-SP2)
#                        erc(SpyGlass_vU-2023.03-SP2)
#                        latch(SpyGlass_vU-2023.03-SP2)
#                        lint(SpyGlass_vU-2023.03-SP2)
#                        morelint(SpyGlass_vU-2023.03-SP2)
#                        openmore(SpyGlass_vU-2023.03-SP2)
#                        simulation(SpyGlass_vU-2023.03-SP2)
#                        starc(SpyGlass_vU-2023.03-SP2)
#                        starc2005(SpyGlass_vU-2023.03-SP2)
#
#     Total Number of Generated Messages        :          2
#     Number of Waived Messages                 :          0
#     Number of Reported Messages (New)         :          0
#     Number of Reported Messages (PreExisting) :          2
#     Number of Reported Messages (Fixed)       :          0
#     Number of Overlimit Messages              :          0
#
#
################################################################################

+++++++++++++++++++++++++++++++++++++++++++++++++++++++++++++++++++++++
SPYGLASS_VIOLATIONS REPORT:


############### PreExisting Messages -> BuiltIn -> RuleGroup=Design Read ###############
+++++++++++++++++++++++++++++++++++++++++++++++++++++++++++++++++++++++++++++++++++++++
ID       Rule                    SEV_CLASS    Severity    File                                                                                   Line    Wt    Message
======================================================================================
(N.A.)
+++++++++++++++++++++++++++++++++++++++++++++++++++++++++++++++++++++++++++++++++++++++
