Command: /home/sveri/samvlsi/railway_track/05_Verification/./simv -cm line+cond+fsm+tgl+branch -cm_dir coverage -l sim_cov.log
Chronologic VCS simulator copyright 1991-2023
Contains Synopsys proprietary information.
Compiler version U-2023.03_Full64; Runtime version U-2023.03_Full64;  Aug 17 03:40 2026
*Verdi* Loading libsscore_vcs202303.so
FSDB Dumper for VCS, Release Verdi_U-2023.03-SP2, Linux x86_64/64bit, 08/20/2023
(C) 1996 - 2023 by Synopsys, Inc.
*Verdi* : Create FSDB file 'railway.fsdb'
*Verdi* : Begin traversing the scope (railway_top_tb), layer (0).
*Verdi* : End of traversing.

==============================================================
RAILWAY INTERLOCKING SYSTEM SIMULATION
==============================================================
Time	Req	RV	SV	RS	CR	RR	RL	WAIT	DL	REL	Move
0	0	x	x	x	x	x	x	x	x	x	x
5000	0	0	0	0	0	0	0	0	0	0	0
40000	1	0	0	0	0	0	0	0	0	0	0
50000	0	0	0	0	0	0	0	0	0	0	0
110000	1	0	0	0	0	0	0	0	0	0	0
120000	0	0	0	0	0	0	0	0	0	0	0
155000	0	1	0	0	0	0	0	0	0	0	0
160000	1	1	0	0	0	0	0	0	0	0	0
165000	1	0	1	1	0	0	0	0	0	0	0
170000	0	0	1	1	0	0	0	0	0	0	0
175000	0	0	0	0	0	1	0	0	0	0	0
185000	0	0	0	0	0	0	1	0	0	0	0
195000	0	0	0	0	0	0	1	0	0	0	1
225000	0	1	0	0	0	0	1	1	0	0	1
230000	1	1	0	0	0	0	1	1	0	0	1
235000	1	0	0	0	1	0	1	0	1	1	1
240000	0	0	0	0	1	0	1	0	1	1	1
245000	0	0	0	0	0	0	0	0	0	0	0
275000	0	1	0	0	0	0	0	0	0	0	0
285000	0	0	1	1	0	0	0	0	0	0	0
295000	0	0	0	0	0	1	0	0	0	0	0
300000	1	0	0	0	0	1	0	0	0	0	0
305000	1	0	0	0	0	0	1	0	0	0	0
310000	0	0	0	0	0	0	1	0	0	0	0
315000	0	0	0	0	0	0	1	0	0	0	1
345000	0	1	0	0	0	0	1	1	0	0	1
355000	0	0	0	0	1	0	1	0	1	1	1
365000	0	0	0	0	0	0	0	0	0	0	0
370000	1	0	0	0	0	0	0	0	0	0	0
380000	0	0	0	0	0	0	0	0	0	0	0
415000	0	1	0	0	0	0	0	0	0	0	0
425000	0	0	1	1	0	0	0	0	0	0	0
435000	0	0	0	0	0	1	0	0	0	0	0
445000	0	0	0	0	0	0	1	0	0	0	0
455000	0	0	0	0	0	0	1	0	0	0	1
480000	1	0	0	0	0	0	1	0	0	0	1
490000	0	0	0	0	0	0	1	0	0	0	1
590000	1	0	0	0	0	0	1	0	0	0	1
600000	0	0	0	0	0	0	1	0	0	0	1
710000	1	0	0	0	0	0	1	0	0	0	1
720000	0	0	0	0	0	0	1	0	0	0	1
830000	1	0	0	0	0	0	1	0	0	0	1
840000	0	0	0	0	0	0	1	0	0	0	1
850000	1	0	0	0	0	0	1	0	0	0	1
860000	0	0	0	0	0	0	1	0	0	0	1

==============================================
TEST 11: DEADLOCK PREVENTION
==============================================
1010000	1	0	0	0	0	0	1	0	0	0	1
1020000	0	0	0	0	0	0	1	0	0	0	1

----------------------------------------------
DEADLOCK PREVENTION RESULT
----------------------------------------------
Deadlock Detected : 0
Waiting Condition : 0
Route Locked      : 1
Release Required  : 0
Blocked Route     : 1
----------------------------------------------

==============================================
ALL TESTS COMPLETED
==============================================
$finish called from file "tb/railway_top_tb.v", line 577.
$finish at simulation time              1270000

---------------------------------------------------------------------------
VCS Coverage Metrics: during simulation line, cond, FSM, branch, tgl was monitored
---------------------------------------------------------------------------
           V C S   S i m u l a t i o n   R e p o r t 
Time: 1270000 ps
CPU Time:      0.210 seconds;       Data structure size:   0.0Mb
Mon Aug 17 03:40:30 2026
