Command: /home/sveri/samvlsi/railway_track/05_Verification/Simulation_Scripts/./simv -l sim_after_fifo_tb_fix2.log
Chronologic VCS simulator copyright 1991-2023
Contains Synopsys proprietary information.
Compiler version U-2023.03_Full64; Runtime version U-2023.03_Full64;  Aug 17 07:21 2026
*Verdi* Loading libsscore_vcs202303.so
FSDB Dumper for VCS, Release Verdi_U-2023.03-SP2, Linux x86_64/64bit, 08/20/2023
(C) 1996 - 2023 by Synopsys, Inc.
*Verdi* : Create FSDB file 'railway_safety.fsdb'
*Verdi* : Begin traversing the scope (railway_top_tb), layer (0).
*Verdi* : End of traversing.

==============================================
 RAILWAY INTERLOCKING SAFETY VERIFICATION
==============================================
TIME=0 REQ=0 BUSY=0 FAULT=0 | RV=x SV=x RS=x CR=x RR=x LOCK=x DEADLOCK=x RELEASE=x MOVE=x LEFT=x RIGHT=x
TIME=5000 REQ=0 BUSY=0 FAULT=0 | RV=0 SV=0 RS=0 CR=0 RR=0 LOCK=0 DEADLOCK=0 RELEASE=0 MOVE=0 LEFT=0 RIGHT=0

TEST 1: NORMAL SAFE ROUTE
TIME=40000 REQ=1 BUSY=0 FAULT=0 | RV=0 SV=0 RS=0 CR=0 RR=0 LOCK=0 DEADLOCK=0 RELEASE=0 MOVE=0 LEFT=0 RIGHT=0
TIME=50000 REQ=0 BUSY=0 FAULT=0 | RV=0 SV=0 RS=0 CR=0 RR=0 LOCK=0 DEADLOCK=0 RELEASE=0 MOVE=0 LEFT=0 RIGHT=0
TIME=155000 REQ=0 BUSY=0 FAULT=0 | RV=1 SV=0 RS=0 CR=0 RR=0 LOCK=0 DEADLOCK=0 RELEASE=0 MOVE=0 LEFT=0 RIGHT=0
TIME=165000 REQ=0 BUSY=0 FAULT=0 | RV=0 SV=1 RS=1 CR=0 RR=0 LOCK=0 DEADLOCK=0 RELEASE=0 MOVE=0 LEFT=0 RIGHT=0
TIME=175000 REQ=0 BUSY=0 FAULT=0 | RV=0 SV=0 RS=0 CR=0 RR=1 LOCK=0 DEADLOCK=0 RELEASE=0 MOVE=0 LEFT=1 RIGHT=0
TIME=185000 REQ=0 BUSY=0 FAULT=0 | RV=0 SV=0 RS=0 CR=0 RR=0 LOCK=1 DEADLOCK=0 RELEASE=0 MOVE=0 LEFT=0 RIGHT=0
PASS:               NORMAL ROUTE | train_move=1

TEST 2: TRACK BUSY
TIME=195000 REQ=0 BUSY=0 FAULT=0 | RV=0 SV=0 RS=0 CR=0 RR=0 LOCK=1 DEADLOCK=0 RELEASE=0 MOVE=1 LEFT=0 RIGHT=0
TIME=205000 REQ=0 BUSY=0 FAULT=0 | RV=0 SV=0 RS=0 CR=0 RR=0 LOCK=0 DEADLOCK=0 RELEASE=0 MOVE=0 LEFT=0 RIGHT=0
TIME=215000 REQ=0 BUSY=1 FAULT=0 | RV=0 SV=0 RS=0 CR=0 RR=0 LOCK=0 DEADLOCK=0 RELEASE=0 MOVE=0 LEFT=0 RIGHT=0
TIME=220000 REQ=1 BUSY=1 FAULT=0 | RV=0 SV=0 RS=0 CR=0 RR=0 LOCK=0 DEADLOCK=0 RELEASE=0 MOVE=0 LEFT=0 RIGHT=0
TIME=230000 REQ=0 BUSY=1 FAULT=0 | RV=0 SV=0 RS=0 CR=0 RR=0 LOCK=0 DEADLOCK=0 RELEASE=0 MOVE=0 LEFT=0 RIGHT=0
PASS:  USY - TRAIN MUST NOT MOVE | train_move=0

TEST 3: SIGNAL FAULT
TIME=350000 REQ=1 BUSY=0 FAULT=1 | RV=0 SV=0 RS=0 CR=0 RR=0 LOCK=0 DEADLOCK=0 RELEASE=0 MOVE=0 LEFT=0 RIGHT=0
TIME=360000 REQ=0 BUSY=0 FAULT=1 | RV=0 SV=0 RS=0 CR=0 RR=0 LOCK=0 DEADLOCK=0 RELEASE=0 MOVE=0 LEFT=0 RIGHT=0
PASS: ULT - TRAIN MUST NOT MOVE | train_move=0

TEST 4: ROUTE CONFLICT
TIME=480000 REQ=1 BUSY=0 FAULT=0 | RV=0 SV=0 RS=0 CR=0 RR=0 LOCK=0 DEADLOCK=0 RELEASE=0 MOVE=0 LEFT=0 RIGHT=0
TIME=490000 REQ=0 BUSY=0 FAULT=0 | RV=0 SV=0 RS=0 CR=0 RR=0 LOCK=0 DEADLOCK=0 RELEASE=0 MOVE=0 LEFT=0 RIGHT=0
Route locked = 0
Conflict detected = 0
Conflict route = 0
Train move = 0

TEST 5: DEADLOCK CONDITION
TIME=560000 REQ=1 BUSY=0 FAULT=0 | RV=0 SV=0 RS=0 CR=0 RR=0 LOCK=0 DEADLOCK=0 RELEASE=0 MOVE=0 LEFT=0 RIGHT=0
TIME=570000 REQ=0 BUSY=0 FAULT=0 | RV=0 SV=0 RS=0 CR=0 RR=0 LOCK=0 DEADLOCK=0 RELEASE=0 MOVE=0 LEFT=0 RIGHT=0
Deadlock detected = 0
Release required = 0
Train move = 0

TEST 6: ROUTE RELEASE
Before release:
Route locked = 0
Release required = 0
After release:
Route locked = 0
Release required = 0

TEST 7: MULTIPLE TRAIN REQUESTS
TIME=660000 REQ=1 BUSY=0 FAULT=0 | RV=0 SV=0 RS=0 CR=0 RR=0 LOCK=0 DEADLOCK=0 RELEASE=0 MOVE=0 LEFT=0 RIGHT=0
TIME=670000 REQ=0 BUSY=0 FAULT=0 | RV=0 SV=0 RS=0 CR=0 RR=0 LOCK=0 DEADLOCK=0 RELEASE=0 MOVE=0 LEFT=0 RIGHT=0
TIME=680000 REQ=1 BUSY=0 FAULT=0 | RV=0 SV=0 RS=0 CR=0 RR=0 LOCK=0 DEADLOCK=0 RELEASE=0 MOVE=0 LEFT=0 RIGHT=0
TIME=690000 REQ=0 BUSY=0 FAULT=0 | RV=0 SV=0 RS=0 CR=0 RR=0 LOCK=0 DEADLOCK=0 RELEASE=0 MOVE=0 LEFT=0 RIGHT=0
TIME=700000 REQ=1 BUSY=0 FAULT=0 | RV=0 SV=0 RS=0 CR=0 RR=0 LOCK=0 DEADLOCK=0 RELEASE=0 MOVE=0 LEFT=0 RIGHT=0
TIME=710000 REQ=0 BUSY=0 FAULT=0 | RV=0 SV=0 RS=0 CR=0 RR=0 LOCK=0 DEADLOCK=0 RELEASE=0 MOVE=0 LEFT=0 RIGHT=0
TIME=775000 REQ=0 BUSY=0 FAULT=0 | RV=1 SV=0 RS=0 CR=0 RR=0 LOCK=0 DEADLOCK=0 RELEASE=0 MOVE=0 LEFT=0 RIGHT=0
TIME=785000 REQ=0 BUSY=0 FAULT=0 | RV=0 SV=1 RS=1 CR=0 RR=0 LOCK=0 DEADLOCK=0 RELEASE=0 MOVE=0 LEFT=0 RIGHT=0
TIME=795000 REQ=0 BUSY=0 FAULT=0 | RV=0 SV=0 RS=0 CR=0 RR=1 LOCK=0 DEADLOCK=0 RELEASE=0 MOVE=0 LEFT=1 RIGHT=0
TIME=805000 REQ=0 BUSY=0 FAULT=0 | RV=0 SV=0 RS=0 CR=0 RR=0 LOCK=1 DEADLOCK=0 RELEASE=0 MOVE=0 LEFT=0 RIGHT=0
FIFO empty  = 1
FIFO full   = 0
Train count = 0

TEST 8: POINT / SWITCH SELECTION
TIME=815000 REQ=0 BUSY=0 FAULT=0 | RV=0 SV=0 RS=0 CR=0 RR=0 LOCK=0 DEADLOCK=0 RELEASE=0 MOVE=0 LEFT=0 RIGHT=0
TIME=830000 REQ=1 BUSY=0 FAULT=0 | RV=0 SV=0 RS=0 CR=0 RR=0 LOCK=0 DEADLOCK=0 RELEASE=0 MOVE=0 LEFT=0 RIGHT=0
TIME=840000 REQ=0 BUSY=0 FAULT=0 | RV=0 SV=0 RS=0 CR=0 RR=0 LOCK=0 DEADLOCK=0 RELEASE=0 MOVE=0 LEFT=0 RIGHT=0
Platform = 0
Route    = 0
Switch LEFT  = 0
Switch RIGHT = 0

==============================================
 SAFETY VERIFICATION COMPLETE
==============================================
$finish called from file "../tb/railway_top_tb_safety.v", line 451.
$finish at simulation time               940000
           V C S   S i m u l a t i o n   R e p o r t 
Time: 940000 ps
CPU Time:      0.190 seconds;       Data structure size:   0.0Mb
Mon Aug 17 07:21:34 2026
